
> vibe-generated-app@1.0.0 dev
> vite


  VITE v5.4.20  ready in 213 ms

  ➜  Local:   http://localhost:3000/
  ➜  Network: http://172.20.112.219:3000/
1:50:47 PM [vite] Pre-transform error: Transform failed with 1 error:
/home/workspace/src/components/MyPlans.jsx:114:20: ERROR: Expected ">" but found ")"
1:50:49 PM [vite] Internal server error: Transform failed with 1 error:
/home/workspace/src/components/MyPlans.jsx:114:20: ERROR: Expected ">" but found ")"
  Plugin: vite:esbuild
  File: /home/workspace/src/components/MyPlans.jsx:114:20
  
  Expected ">" but found ")"
  112|                      </div>
  113|                    </div>
  114|                  </li)
     |                      ^
  115|                ))}
  116|              </ul>
  
      at failureErrorWithLog (/home/workspace/node_modules/esbuild/lib/main.js:1472:15)
      at /home/workspace/node_modules/esbuild/lib/main.js:755:50
      at responseCallbacks.<computed> (/home/workspace/node_modules/esbuild/lib/main.js:622:9)
      at handleIncomingPacket (/home/workspace/node_modules/esbuild/lib/main.js:677:12)
      at Socket.readFromStdout (/home/workspace/node_modules/esbuild/lib/main.js:600:7)
      at Socket.emit (node:events:508:28)
      at addChunk (node:internal/streams/readable:559:12)
      at readableAddChunkPushByteMode (node:internal/streams/readable:510:3)
      at Readable.push (node:internal/streams/readable:390:5)
      at Pipe.onStreamRead (node:internal/stream_base_commons:189:23)
1:51:12 PM [vite] Internal server error: Transform failed with 1 error:
/home/workspace/src/components/MyPlans.jsx:114:20: ERROR: Expected ">" but found ")"
  Plugin: vite:esbuild
  File: /home/workspace/src/components/MyPlans.jsx:114:20
  
  Expected ">" but found ")"
  112|                      </div>
  113|                    </div>
  114|                  </li)
     |                      ^
  115|                ))}
  116|              </ul>
  
      at failureErrorWithLog (/home/workspace/node_modules/esbuild/lib/main.js:1472:15)
      at /home/workspace/node_modules/esbuild/lib/main.js:755:50
      at responseCallbacks.<computed> (/home/workspace/node_modules/esbuild/lib/main.js:622:9)
      at handleIncomingPacket (/home/workspace/node_modules/esbuild/lib/main.js:677:12)
      at Socket.readFromStdout (/home/workspace/node_modules/esbuild/lib/main.js:600:7)
      at Socket.emit (node:events:508:28)
      at addChunk (node:internal/streams/readable:559:12)
      at readableAddChunkPushByteMode (node:internal/streams/readable:510:3)
      at Readable.push (node:internal/streams/readable:390:5)
      at Pipe.onStreamRead (node:internal/stream_base_commons:189:23)
